// Jest Snapshot v1, https://goo.gl/fbAQLP

exports[`<Bar/> component should match to snapshot 1`] = `
<div
  className="sc-bdVaJa ciCIem"
/>
`;
