// Jest Snapshot v1, https://goo.gl/fbAQLP

exports[`<BoxWrapper/> component should match to snapshot 1`] = `
<div
  className="sc-bdVaJa dxyeMJ"
>
  test
</div>
`;
