// Jest Snapshot v1, https://goo.gl/fbAQLP

exports[`<Description/> component should match to snapshot 1`] = `
<div
  className="sc-bdVaJa fWACNT"
>
  test
</div>
`;
