// Jest Snapshot v1, https://goo.gl/fbAQLP

exports[`<WrapperBefore/> component should match to snapshot 1`] = `
<div
  className="sc-bdVaJa fABuTX"
/>
`;
